// Jest Snapshot v1, https://goo.gl/fbAQLP

exports[`ProcedureGenerator flattenZodSchema should correctly process chained zod function calls 1`] = `
"z.object({
            chained: z.array(z.object({ example: z.string() })).optional(),
          })"
`;
